// Jest Snapshot v1, https://goo.gl/fbAQLP

exports[`Correctly renders. 1`] = `
<button
  className="button"
  disabled={false}
  onClick={[Function]}
>
  Render Test
</button>
`;
